
> pms-alquileres@0.1.0 build
> next build

   Ôû▓ Next.js 15.2.6
   - Environments: .env.local

   Creating an optimized production build ...
 Ô£ô Compiled successfully
   Skipping linting
   Checking validity of types ...
node.exe : Failed to compile.
En línea: 1 Carácter: 1
+ & "C:\Program Files\nodejs/node.exe" "C:\Program 
Files\nodejs/node_mo ...
+ ~~~~~~~~~~~~~~~~~~~~~~~~~~~~~~~~~~~~~~~~~~~~~~~~~~~~~~~~~~~
~~~~~~~~~~
    + CategoryInfo          : NotSpecified: (Failed to compi 
   le.:String) [], RemoteException
    + FullyQualifiedErrorId : NativeCommandError
 

./components/bookings/BookingsTable.tsx:347:26
Type error: Cannot find name 'Users'.

[0m [90m 345 |[39m                       
[33m<[39m[33m/[39m[33mdiv[39m[33m>[39m[0m
[0m [90m 346 |[39m                       
[33m<[39m[33mdiv[39m className[33m=[39m[32m"flex 
items-center gap-1 text-[10px] font-bold text-slate-400 
bg-slate-50 px-1.5 py-0.5 rounded-md border 
border-slate-100"[39m[33m>[39m[0m
[0m[31m[1m>[22m[39m[90m 347 |[39m                     
    [33m<[39m[33mUsers[39m className[33m=[39m[32m"h-3 
w-3"[39m [33m/[39m[33m>[39m[0m
[0m [90m     |[39m                          
[31m[1m^[22m[39m[0m
[0m [90m 348 |[39m                         [33m<[39m[33
mspan[39m[33m>[39m{booking[33m.[39mnumber_of_guests}[33
m<[39m[33m/[39m[33mspan[39m[33m>[39m[0m
[0m [90m 349 |[39m                       
[33m<[39m[33m/[39m[33mdiv[39m[33m>[39m[0m
[0m [90m 350 |[39m                     
[33m<[39m[33m/[39m[33mdiv[39m[33m>[39m[0m
Next.js build worker exited with code: 1 and signal: null
